0x00000000: CASEB @#0x20040005, S^#0x1, S^#0x2
0x00000008: BSBB 0xa
